@0

00
00
00
10

00
00
00
00

00
00
00
00

00
00
00
00

20
1c
10
00
4b
80
00
00
20
1d
10
00
4b
a0
00
04
20
13
00
61
20
14
00
62
20
15
00
63
20
16
00
64
20
17
00
0a
22
67
00
00
18
00
00
24
22
87
00
00
18
00
00
1c
22
a7
00
00
18
00
00
14
22
c7
00
00
18
00
00
0c
22
e7
00
00
18
00
00
04
00
00
00
00
43
87
00
00
47
bb
00
00
33
60
ff
f8
17
e0
00
00
